
> vite_react_shadcn_ts@0.0.0 build
> vite build

[36mvite v7.3.1 [32mbuilding client environment for production...[36m[39m
transforming...
[32mΓ£ô[39m 3690 modules transformed.
rendering chunks...
node.exe : [33m[esbuild css 
minify]
At C:\Program 
Files\nodejs\npm.ps1:29 char:3
+   & $NODE_EXE $NPM_CLI_JS 
$args
+   
~~~~~~~~~~~~~~~~~~~~~~~~~~~~~
    + CategoryInfo          :  
   NotSpecified: ([33m[esbui  
  ld css minify]:String) [],   
  RemoteException
    + FullyQualifiedErrorId :  
   NativeCommandError
 
Γû▓ [WARNING] Expected 
identifier but found 
whitespace [css-syntax-error]

    <stdin>:4731:20:
      4731 Γöé   
--tw-shadow-color: 
${ds.shadows.md};
           Γò╡                 
    ^


Γû▓ [WARNING] Unexpected "$" 
[css-syntax-error]

    <stdin>:4731:21:
      4731 Γöé   
--tw-shadow-color: 
${ds.shadows.md};
           Γò╡                 
     ^


Γû▓ [WARNING] Expected ":" 
[css-syntax-error]

    <stdin>:4731:25:
      4731 Γöé   
--tw-shadow-color: 
${ds.shadows.md};
           Γöé                 
         ^
           Γò╡                 
         :


Γû▓ [WARNING] Expected 
identifier but found 
whitespace [css-syntax-error]

    <stdin>:4735:20:
      4735 Γöé   
--tw-shadow-color: 
${ds.shadows.sm};
           Γò╡                 
    ^


Γû▓ [WARNING] Unexpected "$" 
[css-syntax-error]

    <stdin>:4735:21:
      4735 Γöé   
--tw-shadow-color: 
${ds.shadows.sm};
           Γò╡                 
     ^


Γû▓ [WARNING] Expected ":" 
[css-syntax-error]

    <stdin>:4735:25:
      4735 Γöé   
--tw-shadow-color: 
${ds.shadows.sm};
           Γöé                 
         ^
           Γò╡                 
         :

[39m
computing gzip size...
[2mdist/[22m[32mindex.html                                                  [39m[1m[2m  2.47 kB[22m[1m[22m[2m Γöé gzip:   0.89 kB[22m
[2mdist/[22m[32massets/jetbrains-mono-greek-400-normal-C190GLew.woff2       [39m[1m[2m  4.23 kB[22m[1m[22m
[2mdist/[22m[32massets/jetbrains-mono-greek-700-normal-C6CZE3T8.woff2       [39m[1m[2m  4.30 kB[22m[1m[22m
[2mdist/[22m[32massets/inter-vietnamese-400-normal-DMkecbls.woff2           [39m[1m[2m  4.97 kB[22m[1m[22m
[2mdist/[22m[32massets/inter-vietnamese-600-normal-Cc8MFFhd.woff2           [39m[1m[2m  5.10 kB[22m[1m[22m
[2mdist/[22m[32massets/inter-vietnamese-700-normal-DlLaEgI2.woff2           [39m[1m[2m  5.10 kB[22m[1m[22m
[2mdist/[22m[32massets/inter-vietnamese-500-normal-DOriooB6.woff2           [39m[1m[2m  5.11 kB[22m[1m[22m
[2mdist/[22m[32massets/inter-greek-ext-400-normal-DGGRlc-M.woff2            [39m[1m[2m  5.26 kB[22m[1m[22m
[2mdist/[22m[32massets/jetbrains-mono-cyrillic-400-normal-BEIGL1Tu.woff2    [39m[1m[2m  5.33 kB[22m[1m[22m
[2mdist/[22m[32massets/jetbrains-mono-cyrillic-700-normal-BWTpRfYl.woff2    [39m[1m[2m  5.34 kB[22m[1m[22m
[2mdist/[22m[32massets/jetbrains-mono-vietnamese-400-normal-CqNFfHCs.woff   [39m[1m[2m  5.37 kB[22m[1m[22m
[2mdist/[22m[32massets/inter-greek-ext-500-normal-C4iEst2y.woff2            [39m[1m[2m  5.43 kB[22m[1m[22m
[2mdist/[22m[32massets/inter-greek-ext-600-normal-DRtmH8MT.woff2            [39m[1m[2m  5.43 kB[22m[1m[22m
[2mdist/[22m[32massets/inter-greek-ext-700-normal-qfdV9bQt.woff2            [39m[1m[2m  5.44 kB[22m[1m[22m
[2mdist/[22m[32massets/jetbrains-mono-vietnamese-700-normal-BDLVIk2r.woff   [39m[1m[2m  5.45 kB[22m[1m[22m
[2mdist/[22m[32massets/jetbrains-mono-greek-400-normal-B9oWc5Lo.woff        [39m[1m[2m  5.66 kB[22m[1m[22m
[2mdist/[22m[32massets/jetbrains-mono-greek-700-normal-DEigVDxa.woff        [39m[1m[2m  5.70 kB[22m[1m[22m
[2mdist/[22m[32massets/inter-vietnamese-400-normal-Bbgyi5SW.woff            [39m[1m[2m  6.50 kB[22m[1m[22m
[2mdist/[22m[32massets/inter-vietnamese-500-normal-mJboJaSs.woff            [39m[1m[2m  6.60 kB[22m[1m[22m
[2mdist/[22m[32massets/inter-vietnamese-700-normal-BZaoP0fm.woff            [39m[1m[2m  6.63 kB[22m[1m[22m
[2mdist/[22m[32massets/inter-vietnamese-600-normal-BuLX-rYi.woff            [39m[1m[2m  6.64 kB[22m[1m[22m
[2mdist/[22m[32massets/merriweather-vietnamese-700-normal-Bp6kWjW5.woff2    [39m[1m[2m  6.66 kB[22m[1m[22m
[2mdist/[22m[32massets/merriweather-vietnamese-400-normal-hNacsVs_.woff2    [39m[1m[2m  6.66 kB[22m[1m[22m
[2mdist/[22m[32massets/jetbrains-mono-cyrillic-400-normal-ugxPyKxw.woff     [39m[1m[2m  6.98 kB[22m[1m[22m
[2mdist/[22m[32massets/jetbrains-mono-cyrillic-700-normal-CEoEElIJ.woff     [39m[1m[2m  7.02 kB[22m[1m[22m
[2mdist/[22m[32massets/inter-greek-ext-400-normal-KugGGMne.woff             [39m[1m[2m  7.06 kB[22m[1m[22m
[2mdist/[22m[32massets/inter-greek-ext-500-normal-2j5mBUwD.woff             [39m[1m[2m  7.19 kB[22m[1m[22m
[2mdist/[22m[32massets/inter-greek-ext-600-normal-B8X0CLgF.woff             [39m[1m[2m  7.21 kB[22m[1m[22m
[2mdist/[22m[32massets/inter-greek-ext-700-normal-BoQ6DsYi.woff             [39m[1m[2m  7.22 kB[22m[1m[22m
[2mdist/[22m[32massets/jetbrains-mono-latin-ext-400-normal-Bc8Ftmh3.woff2   [39m[1m[2m  7.34 kB[22m[1m[22m
[2mdist/[22m[32massets/jetbrains-mono-latin-ext-700-normal-CZipNAKV.woff2   [39m[1m[2m  7.47 kB[22m[1m[22m
[2mdist/[22m[32massets/inter-cyrillic-400-normal-obahsSVq.woff2             [39m[1m[2m  7.71 kB[22m[1m[22m
[2mdist/[22m[32massets/inter-greek-400-normal-B4URO6DV.woff2                [39m[1m[2m  7.78 kB[22m[1m[22m
[2mdist/[22m[32massets/inter-cyrillic-500-normal-BasfLYem.woff2             [39m[1m[2m  7.90 kB[22m[1m[22m
[2mdist/[22m[32massets/inter-cyrillic-700-normal-CjBOestx.woff2             [39m[1m[2m  7.90 kB[22m[1m[22m
[2mdist/[22m[32massets/inter-greek-500-normal-BIZE56-Y.woff2                [39m[1m[2m  7.92 kB[22m[1m[22m
[2mdist/[22m[32massets/inter-greek-700-normal-C3JjAnD8.woff2                [39m[1m[2m  7.92 kB[22m[1m[22m
[2mdist/[22m[32massets/inter-greek-600-normal-plRanbMR.woff2                [39m[1m[2m  7.94 kB[22m[1m[22m
[2mdist/[22m[32massets/inter-cyrillic-600-normal-CWCymEST.woff2             [39m[1m[2m  7.97 kB[22m[1m[22m
[2mdist/[22m[32massets/merriweather-vietnamese-400-normal-Dh8WVvgZ.woff     [39m[1m[2m  8.44 kB[22m[1m[22m
[2mdist/[22m[32massets/merriweather-vietnamese-700-normal-C7_HxHBa.woff     [39m[1m[2m  8.47 kB[22m[1m[22m
[2mdist/[22m[32massets/inter-cyrillic-400-normal-HOLc17fK.woff              [39m[1m[2m  9.78 kB[22m[1m[22m
[2mdist/[22m[32massets/inter-cyrillic-700-normal-DrXBdSj3.woff              [39m[1m[2m  9.91 kB[22m[1m[22m
[2mdist/[22m[32massets/inter-greek-400-normal-q2sYcFCs.woff                 [39m[1m[2m  9.92 kB[22m[1m[22m
[2mdist/[22m[32massets/inter-cyrillic-600-normal-4D_pXhcN.woff              [39m[1m[2m  9.94 kB[22m[1m[22m
[2mdist/[22m[32massets/inter-cyrillic-500-normal-CxZf_p3X.woff              [39m[1m[2m  9.94 kB[22m[1m[22m
[2mdist/[22m[32massets/inter-greek-500-normal-Xzm54t5V.woff                 [39m[1m[2m  9.98 kB[22m[1m[22m
[2mdist/[22m[32massets/inter-greek-700-normal-BUv2fZ6O.woff                 [39m[1m[2m  9.98 kB[22m[1m[22m
[2mdist/[22m[32massets/inter-greek-600-normal-BZpKdvQh.woff                 [39m[1m[2m 10.03 kB[22m[1m[22m
[2mdist/[22m[32massets/jetbrains-mono-latin-ext-400-normal-fXTG6kC5.woff    [39m[1m[2m 10.13 kB[22m[1m[22m
[2mdist/[22m[32massets/inter-cyrillic-ext-400-normal-BQZuk6qB.woff2         [39m[1m[2m 10.23 kB[22m[1m[22m
[2mdist/[22m[32massets/jetbrains-mono-latin-ext-700-normal-CxPITLHs.woff    [39m[1m[2m 10.30 kB[22m[1m[22m
[2mdist/[22m[32massets/inter-cyrillic-ext-500-normal-B0yAr1jD.woff2         [39m[1m[2m 10.43 kB[22m[1m[22m
[2mdist/[22m[32massets/inter-cyrillic-ext-600-normal-Dfes3d0z.woff2         [39m[1m[2m 10.48 kB[22m[1m[22m
[2mdist/[22m[32massets/inter-cyrillic-ext-700-normal-BjwYoWNd.woff2         [39m[1m[2m 10.50 kB[22m[1m[22m
[2mdist/[22m[32massets/inter-cyrillic-ext-400-normal-DQukG94-.woff          [39m[1m[2m 13.34 kB[22m[1m[22m
[2mdist/[22m[32massets/inter-cyrillic-ext-700-normal-LO58E6JB.woff          [39m[1m[2m 13.41 kB[22m[1m[22m
[2mdist/[22m[32massets/inter-cyrillic-ext-500-normal-BmqWE9Dz.woff          [39m[1m[2m 13.45 kB[22m[1m[22m
[2mdist/[22m[32massets/inter-cyrillic-ext-600-normal-Bcila6Z-.woff          [39m[1m[2m 13.46 kB[22m[1m[22m
[2mdist/[22m[32massets/merriweather-cyrillic-ext-700-normal-Bk1p9YoV.woff2  [39m[1m[2m 18.56 kB[22m[1m[22m
[2mdist/[22m[32massets/merriweather-cyrillic-ext-400-normal-D9NYhYTq.woff2  [39m[1m[2m 18.60 kB[22m[1m[22m
[2mdist/[22m[32massets/jetbrains-mono-latin-400-normal-V6pRDFza.woff2       [39m[1m[2m 21.17 kB[22m[1m[22m
[2mdist/[22m[32massets/jetbrains-mono-latin-700-normal-BYuf6tUa.woff2       [39m[1m[2m 21.91 kB[22m[1m[22m
[2mdist/[22m[32massets/merriweather-cyrillic-ext-700-normal-DoooT6Vg.woff   [39m[1m[2m 22.79 kB[22m[1m[22m
[2mdist/[22m[32massets/merriweather-cyrillic-ext-400-normal-Di6yW_eE.woff   [39m[1m[2m 22.82 kB[22m[1m[22m
[2mdist/[22m[32massets/inter-latin-400-normal-C38fXH4l.woff2                [39m[1m[2m 23.66 kB[22m[1m[22m
[2mdist/[22m[32massets/inter-latin-500-normal-Cerq10X2.woff2                [39m[1m[2m 24.27 kB[22m[1m[22m
[2mdist/[22m[32massets/inter-latin-700-normal-Yt3aPRUw.woff2                [39m[1m[2m 24.36 kB[22m[1m[22m
[2mdist/[22m[32massets/inter-latin-600-normal-LgqL8muc.woff2                [39m[1m[2m 24.45 kB[22m[1m[22m
[2mdist/[22m[32massets/merriweather-cyrillic-400-normal-AvfsDsMQ.woff2      [39m[1m[2m 25.48 kB[22m[1m[22m
[2mdist/[22m[32massets/merriweather-cyrillic-700-normal-wbY04GlL.woff2      [39m[1m[2m 25.49 kB[22m[1m[22m
[2mdist/[22m[32massets/jetbrains-mono-latin-400-normal-6-qcROiO.woff        [39m[1m[2m 27.50 kB[22m[1m[22m
[2mdist/[22m[32massets/jetbrains-mono-latin-700-normal-D3wTyLJW.woff        [39m[1m[2m 28.21 kB[22m[1m[22m
[2mdist/[22m[32massets/inter-latin-400-normal-CyCys3Eg.woff                 [39m[1m[2m 30.70 kB[22m[1m[22m
[2mdist/[22m[32massets/inter-latin-600-normal-CiBQ2DWP.woff                 [39m[1m[2m 31.26 kB[22m[1m[22m
[2mdist/[22m[32massets/inter-latin-500-normal-BL9OpVg8.woff                 [39m[1m[2m 31.28 kB[22m[1m[22m
[2mdist/[22m[32massets/inter-latin-700-normal-BLAVimhd.woff                 [39m[1m[2m 31.32 kB[22m[1m[22m
[2mdist/[22m[32massets/merriweather-cyrillic-700-normal-CHCcU-4a.woff       [39m[1m[2m 33.55 kB[22m[1m[22m
[2mdist/[22m[32massets/merriweather-cyrillic-400-normal-DAcQ8g-H.woff       [39m[1m[2m 33.62 kB[22m[1m[22m
[2mdist/[22m[32massets/inter-latin-ext-400-normal-C1nco2VV.woff2            [39m[1m[2m 35.00 kB[22m[1m[22m
[2mdist/[22m[32massets/inter-latin-ext-500-normal-CV4jyFjo.woff2            [39m[1m[2m 36.02 kB[22m[1m[22m
[2mdist/[22m[32massets/inter-latin-ext-700-normal-Ca8adRJv.woff2            [39m[1m[2m 36.24 kB[22m[1m[22m
[2mdist/[22m[32massets/inter-latin-ext-600-normal-D2bJ5OIk.woff2            [39m[1m[2m 36.26 kB[22m[1m[22m
[2mdist/[22m[32massets/merriweather-latin-ext-700-normal-jHnxg2Kc.woff2     [39m[1m[2m 42.88 kB[22m[1m[22m
[2mdist/[22m[32massets/merriweather-latin-ext-400-normal-CWVzVQq3.woff2     [39m[1m[2m 42.95 kB[22m[1m[22m
[2mdist/[22m[32massets/inter-latin-ext-400-normal-77YHD8bZ.woff             [39m[1m[2m 47.56 kB[22m[1m[22m
[2mdist/[22m[32massets/inter-latin-ext-500-normal-BxGbmqWO.woff             [39m[1m[2m 48.49 kB[22m[1m[22m
[2mdist/[22m[32massets/inter-latin-ext-700-normal-TidjK2hL.woff             [39m[1m[2m 48.63 kB[22m[1m[22m
[2mdist/[22m[32massets/merriweather-latin-700-normal-DoUP8Ce-.woff2         [39m[1m[2m 48.66 kB[22m[1m[22m
[2mdist/[22m[32massets/inter-latin-ext-600-normal-CIVaiw4L.woff             [39m[1m[2m 48.67 kB[22m[1m[22m
[2mdist/[22m[32massets/merriweather-latin-400-normal-G4kZaoXi.woff2         [39m[1m[2m 49.17 kB[22m[1m[22m
[2mdist/[22m[32massets/merriweather-latin-ext-400-normal-CLqijLtt.woff      [39m[1m[2m 55.94 kB[22m[1m[22m
[2mdist/[22m[32massets/merriweather-latin-ext-700-normal-CaBzXGOk.woff      [39m[1m[2m 56.10 kB[22m[1m[22m
[2mdist/[22m[32massets/merriweather-latin-700-normal-D4-nzrAh.woff          [39m[1m[2m 66.67 kB[22m[1m[22m
[2mdist/[22m[32massets/merriweather-latin-400-normal-CvqO63Ah.woff          [39m[1m[2m 67.00 kB[22m[1m[22m
[2mdist/[22m[35massets/Index-DB0Q8XAf.css                                   [39m[1m[2m  3.94 kB[22m[1m[22m[2m Γöé gzip:   1.10 kB[22m
[2mdist/[22m[35massets/DesignInsights-Fd0xVSp_.css                          [39m[1m[2m  7.04 kB[22m[1m[22m[2m Γöé gzip:   1.58 kB[22m
[2mdist/[22m[35massets/index-BoTOzyRp.css                                   [39m[1m[2m197.80 kB[22m[1m[22m[2m Γöé gzip:  40.14 kB[22m
[2mdist/[22m[36massets/chevron-right-g2CDk2mt.js                            [39m[1m[2m  0.13 kB[22m[1m[22m[2m Γöé gzip:   0.14 kB[22m
[2mdist/[22m[36massets/skeleton-CEvnikKZ.js                                 [39m[1m[2m  0.17 kB[22m[1m[22m[2m Γöé gzip:   0.16 kB[22m
[2mdist/[22m[36massets/terminal-CZRKhZ7w.js                                 [39m[1m[2m  0.19 kB[22m[1m[22m[2m Γöé gzip:   0.18 kB[22m
[2mdist/[22m[36massets/smartphone-BXhMD45R.js                               [39m[1m[2m  0.19 kB[22m[1m[22m[2m Γöé gzip:   0.18 kB[22m
[2mdist/[22m[36massets/code-xml-DfJqQc3f.js                                 [39m[1m[2m  0.20 kB[22m[1m[22m[2m Γöé gzip:   0.17 kB[22m
[2mdist/[22m[36massets/mail-DSpg2THb.js                                     [39m[1m[2m  0.21 kB[22m[1m[22m[2m Γöé gzip:   0.20 kB[22m
[2mdist/[22m[36massets/panels-top-left-B04ztMZ3.js                          [39m[1m[2m  0.22 kB[22m[1m[22m[2m Γöé gzip:   0.19 kB[22m
[2mdist/[22m[36massets/link-DdqwgQln.js                                     [39m[1m[2m  0.25 kB[22m[1m[22m[2m Γöé gzip:   0.19 kB[22m
[2mdist/[22m[36massets/key-DWB2lDVQ.js                                      [39m[1m[2m  0.26 kB[22m[1m[22m[2m Γöé gzip:   0.22 kB[22m
[2mdist/[22m[36massets/image-B_k4EqAH.js                                    [39m[1m[2m  0.27 kB[22m[1m[22m[2m Γöé gzip:   0.22 kB[22m
[2mdist/[22m[36massets/shield-FsA74gGC.js                                   [39m[1m[2m  0.27 kB[22m[1m[22m[2m Γöé gzip:   0.22 kB[22m
[2mdist/[22m[36massets/save-DRw6r3L5.js                                     [39m[1m[2m  0.32 kB[22m[1m[22m[2m Γöé gzip:   0.22 kB[22m
[2mdist/[22m[36massets/grip-vertical-PA4jLF6T.js                            [39m[1m[2m  0.36 kB[22m[1m[22m[2m Γöé gzip:   0.19 kB[22m
[2mdist/[22m[36massets/wind-Bl65LxHA.js                                     [39m[1m[2m  0.82 kB[22m[1m[22m[2m Γöé gzip:   0.45 kB[22m
[2mdist/[22m[36massets/index-DxaCKbOS.js                                    [39m[1m[2m  0.90 kB[22m[1m[22m[2m Γöé gzip:   0.48 kB[22m
[2mdist/[22m[36massets/separator-BFGuDFcy.js                                [39m[1m[2m  1.02 kB[22m[1m[22m[2m Γöé gzip:   0.59 kB[22m
[2mdist/[22m[36massets/input-BG096lJN.js                                    [39m[1m[2m  1.04 kB[22m[1m[22m[2m Γöé gzip:   0.56 kB[22m
[2mdist/[22m[36massets/spotlight-Qf5Ru3bN.js                                [39m[1m[2m  1.24 kB[22m[1m[22m[2m Γöé gzip:   0.75 kB[22m
[2mdist/[22m[36massets/tabs-juwICqC5.js                                     [39m[1m[2m  2.08 kB[22m[1m[22m[2m Γöé gzip:   0.67 kB[22m
[2mdist/[22m[36massets/NotFound-BK29HLMC.js                                 [39m[1m[2m  2.12 kB[22m[1m[22m[2m Γöé gzip:   0.93 kB[22m
[2mdist/[22m[36massets/index-CI-ck6ws.js                                    [39m[1m[2m  2.24 kB[22m[1m[22m[2m Γöé gzip:   1.05 kB[22m
[2mdist/[22m[36massets/switch-DL4sINBE.js                                   [39m[1m[2m  2.45 kB[22m[1m[22m[2m Γöé gzip:   1.23 kB[22m
[2mdist/[22m[36massets/progress-BPfgctXP.js                                 [39m[1m[2m  3.23 kB[22m[1m[22m[2m Γöé gzip:   1.54 kB[22m
[2mdist/[22m[36massets/DocEditor-C0ZgKF2n.js                                [39m[1m[2m  4.67 kB[22m[1m[22m[2m Γöé gzip:   1.85 kB[22m
[2mdist/[22m[36massets/VisionGenerator-BGy_kZSr.js                          [39m[1m[2m  4.94 kB[22m[1m[22m[2m Γöé gzip:   2.00 kB[22m
[2mdist/[22m[36massets/AccessibilityChecker-1h2dg6ZI.js                     [39m[1m[2m  5.25 kB[22m[1m[22m[2m Γöé gzip:   1.79 kB[22m
[2mdist/[22m[36massets/MotionGallery-Dc1ezkRs.js                            [39m[1m[2m  5.57 kB[22m[1m[22m[2m Γöé gzip:   1.85 kB[22m
[2mdist/[22m[36massets/Marketplace-HfG8Iq4L.js                              [39m[1m[2m  5.76 kB[22m[1m[22m[2m Γöé gzip:   2.34 kB[22m
[2mdist/[22m[36massets/card-3d-DpyAHMsL.js                                  [39m[1m[2m  5.79 kB[22m[1m[22m[2m Γöé gzip:   2.62 kB[22m
[2mdist/[22m[36massets/Settings-1b-VecAZ.js                                 [39m[1m[2m  5.83 kB[22m[1m[22m[2m Γöé gzip:   2.01 kB[22m
[2mdist/[22m[36massets/ColorBlindnessSimulator-D2MxaX29.js                  [39m[1m[2m  6.17 kB[22m[1m[22m[2m Γöé gzip:   2.16 kB[22m
[2mdist/[22m[36massets/PublicDocViewer-GnweWvk8.js                          [39m[1m[2m  6.39 kB[22m[1m[22m[2m Γöé gzip:   2.14 kB[22m
[2mdist/[22m[36massets/accordion-BILgdm8K.js                                [39m[1m[2m  6.75 kB[22m[1m[22m[2m Γöé gzip:   2.53 kB[22m
[2mdist/[22m[36massets/BorderRadiusDisplay-jbaphwPv.js                      [39m[1m[2m  7.30 kB[22m[1m[22m[2m Γöé gzip:   1.96 kB[22m
[2mdist/[22m[36massets/Auth-C152MMrp.js                                     [39m[1m[2m  7.34 kB[22m[1m[22m[2m Γöé gzip:   2.36 kB[22m
[2mdist/[22m[36massets/FigmaSync-BdXJMQO5.js                                [39m[1m[2m  7.42 kB[22m[1m[22m[2m Γöé gzip:   2.66 kB[22m
[2mdist/[22m[36massets/AssetHub-CEJg0BNh.js                                 [39m[1m[2m 11.42 kB[22m[1m[22m[2m Γöé gzip:   4.16 kB[22m
[2mdist/[22m[36massets/ComponentBlueprints-DwBQlnr_.js                      [39m[1m[2m 12.45 kB[22m[1m[22m[2m Γöé gzip:   3.80 kB[22m
[2mdist/[22m[36massets/sheet-bBjJExvM.js                                    [39m[1m[2m 13.09 kB[22m[1m[22m[2m Γöé gzip:   4.58 kB[22m
[2mdist/[22m[36massets/DesignSystemSettings-CpdKSFDn.js                     [39m[1m[2m 14.69 kB[22m[1m[22m[2m Γöé gzip:   4.82 kB[22m
[2mdist/[22m[36massets/SharedDesign-D7iLVNZc.js                             [39m[1m[2m 15.18 kB[22m[1m[22m[2m Γöé gzip:   4.29 kB[22m
[2mdist/[22m[36massets/bento-grid-DGGL2mre.js                               [39m[1m[2m 16.70 kB[22m[1m[22m[2m Γöé gzip:   6.40 kB[22m
[2mdist/[22m[36massets/AnimationSystemDocs-BbpCTkP9.js                      [39m[1m[2m 20.29 kB[22m[1m[22m[2m Γöé gzip:   5.63 kB[22m
[2mdist/[22m[36massets/purify.es-Bzr520pe.js                                [39m[1m[2m 22.45 kB[22m[1m[22m[2m Γöé gzip:   8.63 kB[22m
[2mdist/[22m[36massets/DesignSystemSkeleton-BTuX6-w4.js                     [39m[1m[2m 27.66 kB[22m[1m[22m[2m Γöé gzip:   8.12 kB[22m
[2mdist/[22m[36massets/scroll-area-CKQV5gBJ.js                              [39m[1m[2m 39.31 kB[22m[1m[22m[2m Γöé gzip:  12.49 kB[22m
[2mdist/[22m[36massets/ComponentLibraryPreview-DOdoW03O.js                  [39m[1m[2m 46.80 kB[22m[1m[22m[2m Γöé gzip:  13.25 kB[22m
[2mdist/[22m[36massets/Landing-BIVODVFE.js                                  [39m[1m[2m 82.58 kB[22m[1m[22m[2m Γöé gzip:  21.95 kB[22m
[2mdist/[22m[36massets/jszip.min-Ys-27dvL.js                                [39m[1m[2m 97.15 kB[22m[1m[22m[2m Γöé gzip:  30.09 kB[22m
[2mdist/[22m[36massets/index.es-CJ-7KgWj.js                                 [39m[1m[2m158.62 kB[22m[1m[22m[2m Γöé gzip:  52.95 kB[22m
[2mdist/[22m[36massets/DesignInsights-D0aqQspE.js                           [39m[1m[2m170.45 kB[22m[1m[22m[2m Γöé gzip:  52.67 kB[22m
[2mdist/[22m[36massets/TokenManagementDashboard-DOpdIFn3.js                 [39m[1m[2m192.48 kB[22m[1m[22m[2m Γöé gzip:  52.16 kB[22m
[2mdist/[22m[36massets/html2canvas.esm-DXEQVQnt.js                          [39m[1m[2m201.04 kB[22m[1m[22m[2m Γöé gzip:  47.43 kB[22m
[2mdist/[22m[36massets/jspdf.es.min-nEDb5F7F.js                             [39m[1m[2m385.30 kB[22m[1m[22m[2m Γöé gzip: 125.97 kB[22m
[2mdist/[22m[36massets/index-DzOkgO5I.js                                    [39m[1m[2m395.29 kB[22m[1m[22m[2m Γöé gzip: 116.44 kB[22m
[2mdist/[22m[36massets/Index-CD5o3vyR.js                                    [39m[1m[33m636.73 kB[39m[22m[2m Γöé gzip: 171.62 kB[22m
[2mdist/[22m[36massets/index-D7h2KS9H.js                                    [39m[1m[33m681.45 kB[39m[22m[2m Γöé gzip: 211.60 kB[22m
[33m
(!) Some chunks are larger 
than 500 kB after 
minification. Consider:
- Using dynamic import() to 
code-split the application
- Use build.rollupOptions.outpu
t.manualChunks to improve 
chunking: https://rollupjs.org/
configuration-options/#output-m
anualchunks
- Adjust chunk size limit for 
this warning via build.chunkSiz
eWarningLimit.[39m
[32mΓ£ô built in 2m 10s[39m
